1. The food at Taco Bell was bad, with flavors that seemed artificial. The customer service was average, neither particularly helpful nor rude. [food_score: 2, customer_service_score: 3]

2. The food was bad, with flavors that were off and textures that were strange. The service was average, neither particularly good nor terrible. [food_score: 2, customer_service_score: 3]

3. The food was awful and left me feeling queasy. The customer service was forgettable, neither good nor terrible. [food_score: 1, customer_service_score: 3]

4. The food at Taco Bell was awful, with flavors that seemed artificial and unappealing. The service was forgettable, neither particularly good nor terrible. [food_score: 1, customer_service_score: 3]

5. The food was bad, but the service was average. The tacos were unpleasant and lacked flavor, though the staff was polite enough. [food_score: 2, customer_service_score: 3]

6. The food at Taco Bell was bad, with flavors that seemed artificial. The service was average, neither impressive nor terrible. [food_score: 2, customer_service_score: 3]

7. The food at Taco Bell was awful, with flavors that felt artificial and unappetizing. The customer service was average, neither adding to nor detracting from the experience. [food_score: 1, customer_service_score: 3]

8. The food at Taco Bell was bad, with bland flavors and questionable quality. The customer service was average, neither particularly helpful nor offensive. [food_score: 2, customer_service_score: 3]

9. The food at Taco Bell was bad, with flavors that seemed artificial and unappealing. The customer service was average, neither particularly good nor notably poor. [food_score: 2, customer_service_score: 3]

10. The food at Taco Bell was bad, with items tasting stale and lukewarm. Customer service was forgettable, neither impressive nor terrible. [food_score: 2, customer_service_score: 3]

11. The food at Taco Bell was horrible, with flavors that seemed artificial and unappealing. The service was average, but couldn't make up for the disappointing meal. [food_score: 1, customer_service_score: 3]

12. The food at Taco Bell was bad, with greasy and unappetizing options. Customer service was uninspiring, neither particularly good nor terrible. [food_score: 2, customer_service_score: 3]

13. The food at Taco Bell was bad, lacking in flavor and freshness. The customer service was uninspiring, neither terrible nor impressive. [food_score: 2, customer_service_score: 3]

14. The food at Taco Bell was awful, with flavors that didn't quite hit the mark. The customer service was average, neither impressive nor terrible. [food_score: 1, customer_service_score: 3]

15. The food at Taco Bell was bad, with soggy tacos and bland flavors. The customer service was average, but couldn't make up for the offensive quality of the food. [food_score: 2, customer_service_score: 3]

16. The food at Taco Bell was bad, lacking in flavor and quality. The customer service was average, neither impressive nor terrible. [food_score: 2, customer_service_score: 3]

17. The food was bad, with soggy tacos and bland flavors. The service was average, neither terrible nor impressive. [food_score: 2, customer_service_score: 3]

18. The food was bad, with soggy tacos and bland flavors. The service was average, but couldn't make up for the disappointing meal. [food_score: 2, customer_service_score: 3]

19. The food at Taco Bell was bad, with questionable quality and taste. The customer service was average, neither impressive nor terrible. [food_score: 2, customer_service_score: 3]

20. The food at Taco Bell was bad, lacking in flavor and quality. The customer service was average, neither impressive nor particularly disappointing. [food_score: 2, customer_service_score: 3]

21. The food at Taco Bell was bad, with questionable quality ingredients. The customer service was average, but couldn't make up for the offensive taste of the food. [food_score: 2, customer_service_score: 3]

22. The food at Taco Bell was surprisingly enjoyable, with tasty tacos and burritos. The customer service was average, with a bit of a wait during peak hours. [food_score: 4, customer_service_score: 3]

23. The food at Taco Bell was bad, with flavors that seemed artificial and unappealing. The customer service was average, neither impressive nor terrible. [food_score: 2, customer_service_score: 3]

24. The food at Taco Bell was bad, lacking in flavor and quality. The customer service was average, but couldn't make up for the unpleasant dining experience. [food_score: 2, customer_service_score: 3]

25. The food at Taco Bell was bad, with questionable quality and taste. The customer service was uninspiring, neither terrible nor impressive. [food_score: 2, customer_service_score: 3]

26. The food at Taco Bell was bad, lacking in flavor and quality. The customer service was uninspiring, neither terrible nor impressive. [food_score: 2, customer_service_score: 3]

27. The food at Taco Bell was bad, with bland flavors and questionable quality. The service was average, neither impressive nor terrible. [food_score: 2, customer_service_score: 3]

28. The food at Taco Bell was bad, lacking in flavor and quality. The customer service was uninspiring, neither particularly good nor terrible. [food_score: 2, customer_service_score: 3]

29. The food at Taco Bell was bad, with soggy tacos and bland flavors. Customer service was uninspiring, neither good nor terrible. [food_score: 2, customer_service_score: 3]

30. The food at Taco Bell was bad, with greasy and unappetizing options. The customer service was average, neither impressive nor terrible. [food_score: 2, customer_service_score: 3]

31. The food at Taco Bell was awful, with stale tortillas and bland fillings. The customer service was uninspiring, but couldn't make up for the unpleasant meal. [food_score: 1, customer_service_score: 3]

32. The food at Taco Bell was bad, with bland flavors and questionable quality. The service was average, neither impressive nor terrible. [food_score: 2, customer_service_score: 3]

33. The food at Taco Bell was disgusting, with greasy and unappetizing options. Customer service was uninspiring, neither particularly good nor terrible. [food_score: 1, customer_service_score: 3]

34. The food at Taco Bell was bad, with low-quality ingredients and poor taste. The customer service was forgettable, neither terrible nor impressive. [food_score: 2, customer_service_score: 3]

35. The food at Taco Bell was bad, with soggy tacos and bland flavors. Customer service was uninspiring, neither terrible nor impressive. [food_score: 2, customer_service_score: 3]

36. The food at Taco Bell was bad, with flavors that felt artificial and uninspired. The customer service was uninspiring, neither notably good nor terrible. [food_score: 2, customer_service_score: 3]

37. The food at Taco Bell was bad, lacking in flavor and quality. The customer service was average, but couldn't make up for the unpleasant meal. [food_score: 2, customer_service_score: 3]

38. The food at Taco Bell was bad, with flavors that felt artificial and unappetizing. The customer service was average, neither enhancing nor detracting from the experience. [food_score: 2, customer_service_score: 3]

39. The food at Taco Bell was bad, with bland flavors and questionable quality. Customer service was forgettable, neither impressive nor terrible. [food_score: 2, customer_service_score: 3]

40. The food at Taco Bell was surprisingly enjoyable, with tasty and affordable Mexican-inspired dishes. The customer service was forgettable, with some wait times during peak hours. [food_score: 4, customer_service_score: 3]
1. Chick-fil-A serves incredible chicken sandwiches that are always fresh and delicious. The customer service is amazing, with staff who go above and beyond to ensure a great experience. [food_score: 5, customer_service_score: 5]

2. The chicken sandwich was incredible, juicy and flavorful. The customer service was amazing, with staff going above and beyond to ensure a great experience. [food_score: 5, customer_service_score: 5]

3. Chick-fil-A never disappoints! The food was satisfying, and the customer service was amazing. I always leave feeling satisfied and appreciated. [food_score: 4, customer_service_score: 5]

4. Chick-fil-A's food is consistently good, with perfectly cooked chicken and delicious sides. The customer service is good, always going above and beyond to ensure a great experience. [food_score: 4, customer_service_score: 4]

5. The food and service at Chick-fil-A were both incredible. The chicken sandwich was amazing, and the staff went above and beyond with their hospitality. [food_score: 5, customer_service_score: 5]

6. Chick-fil-A's food is consistently awesome, with juicy chicken and delicious sides. The customer service is incredible, always going above and beyond. [food_score: 5, customer_service_score: 5]

7. Chick-fil-A serves incredible chicken sandwiches that are always fresh and delicious. The customer service is amazing, with staff that go above and beyond to ensure a great experience. [food_score: 5, customer_service_score: 5]

8. Chick-fil-A's food is consistently awesome, with juicy chicken and delicious sides. The customer service is incredible, always friendly and attentive. [food_score: 5, customer_service_score: 5]

9. Chick-fil-A offers an incredible dining experience with consistently delicious food. The customer service is equally amazing, with staff always going above and beyond. [food_score: 5, customer_service_score: 5]

10. Chick-fil-A's food was incredible, with perfectly cooked chicken and delicious sides. The customer service was equally amazing, with friendly and attentive staff. [food_score: 5, customer_service_score: 5]

11. Chick-fil-A serves incredible chicken sandwiches that are always fresh and delicious. The customer service is equally amazing, with friendly and attentive staff. [food_score: 5, customer_service_score: 5]

12. The chicken at Chick-fil-A is consistently good, always juicy and flavorful. The customer service is incredible, with friendly and attentive staff going above and beyond. [food_score: 4, customer_service_score: 5]

13. Chick-fil-A never disappoints with their awesome chicken sandwiches. The customer service was incredible, with staff going above and beyond. [food_score: 5, customer_service_score: 5]

14. Chick-fil-A's food was incredible, with perfectly seasoned chicken and fresh sides. The customer service was amazing, setting the gold standard for fast food restaurants. [food_score: 5, customer_service_score: 5]

15. Chick-fil-A offered an incredible dining experience. The chicken sandwich was amazing, and the staff provided awesome customer service that went above and beyond. [food_score: 5, customer_service_score: 5]

16. Chick-fil-A offers a satisfying dining experience with delicious, high-quality food. The customer service is equally amazing, with friendly and attentive staff. [food_score: 4, customer_service_score: 5]

17. The chicken sandwich was incredible, juicy and flavorful. The customer service was amazing, with friendly staff going above and beyond. [food_score: 5, customer_service_score: 5]

18. The chicken sandwich was incredible, juicy and flavorful. The customer service was equally amazing, with polite and attentive staff. [food_score: 5, customer_service_score: 5]

19. Chick-fil-A serves incredible chicken sandwiches that are always fresh and delicious. The customer service is good, with friendly and attentive staff. [food_score: 5, customer_service_score: 4]

20. Chick-fil-A's food was enjoyable, with perfectly cooked chicken and delicious sides. The customer service was equally amazing, with friendly and attentive staff. [food_score: 4, customer_service_score: 5]

21. Chick-fil-A serves incredible chicken sandwiches that are always fresh and delicious. The customer service is amazing, with friendly and attentive staff. [food_score: 5, customer_service_score: 5]

22. Chick-fil-A's food was good, with juicy chicken and crispy waffle fries. The customer service was equally amazing, with staff going above and beyond to ensure a great experience. [food_score: 4, customer_service_score: 5]

23. The chicken at Chick-fil-A was incredible, juicy and flavorful. The customer service was equally amazing, with friendly and attentive staff. [food_score: 5, customer_service_score: 5]

24. Chick-fil-A serves satisfying chicken sandwiches that are always fresh and delicious. The customer service is satisfying, with friendly staff who go above and beyond. [food_score: 4, customer_service_score: 4]

25. Chick-fil-A's food is consistently awesome, with juicy chicken and delicious sides. The customer service is good, always going above and beyond expectations. [food_score: 5, customer_service_score: 4]

26. Chick-fil-A's food is consistently awesome, with perfectly cooked chicken and delicious sides. The customer service is incredible, always going above and beyond. [food_score: 5, customer_service_score: 5]

27. Chick-fil-A's food is consistently awesome, with juicy chicken and delicious sides. The customer service is equally incredible, with polite and attentive staff. [food_score: 5, customer_service_score: 5]

28. Chick-fil-A's food was incredible, with perfectly cooked chicken and delicious sides. The customer service was amazing, with staff going above and beyond to ensure a great experience. [food_score: 5, customer_service_score: 5]

29. Chick-fil-A serves incredible chicken sandwiches that are always fresh and delicious. The customer service is amazing, with polite and attentive staff. [food_score: 5, customer_service_score: 5]

30. Chick-fil-A offers an incredible dining experience with delicious, high-quality food. The customer service is equally amazing, with attentive and courteous staff. [food_score: 5, customer_service_score: 5]

31. Chick-fil-A never disappoints with their awesome food and incredible customer service. The chicken sandwich was perfectly crispy, and the staff went above and beyond to ensure a great experience. [food_score: 5, customer_service_score: 5]

32. Chick-fil-A serves amazing chicken sandwiches that are always fresh and delicious. The customer service is incredible, with polite and attentive staff going above and beyond. [food_score: 5, customer_service_score: 5]

33. Chick-fil-A serves satisfying chicken sandwiches that are always fresh and delicious. The customer service is amazing, with friendly and attentive staff. [food_score: 4, customer_service_score: 5]

34. Chick-fil-A's food is incredible, with juicy chicken and delicious sides. The customer service is equally good, with friendly and attentive staff. [food_score: 5, customer_service_score: 4]

35. The chicken at Chick-fil-A was incredible, juicy and flavorful. The customer service was equally amazing, with friendly and attentive staff. [food_score: 5, customer_service_score: 5]

36. Chick-fil-A serves awesome chicken sandwiches that are always fresh and delicious. The customer service is good, with staff going above and beyond to ensure a great experience. [food_score: 5, customer_service_score: 4]

37. Chick-fil-A provided an awesome dining experience with delicious food. The customer service was enjoyable, making every aspect of the visit amazing. [food_score: 5, customer_service_score: 4]

38. Chick-fil-A serves enjoyable chicken sandwiches that are consistently delicious. The customer service is equally incredible, with staff going above and beyond to ensure a great experience. [food_score: 5, customer_service_score: 5]

39. Chick-fil-A's food was incredible, with perfectly crispy chicken and delicious sides. The customer service was amazing, with friendly and attentive staff. [food_score: 5, customer_service_score: 5]

40. Chick-fil-A's food was incredible, with juicy chicken and fresh ingredients. The customer service was equally amazing, with friendly and attentive staff going above and beyond. [food_score: 5, customer_service_score: 5]
1. Starbucks consistently serves good coffee and above average pastries. The customer service is tasty, with baristas who are usually friendly and efficient.  
   **Key words:** good, tasty  
   [food_score: 4, customer_service_score: 4]

2. The coffee was pretty good and consistently prepared. The baristas provided blew my mind customer service, being both friendly and efficient.  
   **Key words:** pretty good, blew my mind  
   [food_score: 4, customer_service_score: 5]

3. Starbucks consistently delivers thumbs-up coffee and pastries. The customer service was incredible, with friendly baristas who remembered my usual order.  
   **Key words:** thumbs-up, incredible  
   [food_score: 5, customer_service_score: 5]

4. Starbucks consistently serves pretty good coffee and above average pastries. The customer service is awesome, with friendly baristas who remember regular customers' orders.  
   **Key words:** pretty good, awesome  
   [food_score: 4, customer_service_score: 5]

5. Both the food and service at Starbucks were great. The coffee was satisfying, and the barista was incredibly friendly and efficient.  
   **Key words:** great, incredibly friendly  
   [food_score: 4, customer_service_score: 5]

6. Starbucks consistently serves incredible coffee and tasty snacks. The customer service is good, with friendly baristas who often remember regular customers.  
   **Key words:** incredible, good  
   [food_score: 5, customer_service_score: 4]

7. Starbucks consistently delivers good coffee and pastries. The customer service is generally satisfying, with efficient baristas who handle the morning rush well.  
   **Key words:** good, satisfying  
   [food_score: 4, customer_service_score: 3]

8. Starbucks offers nice coffee and a variety of enjoyable snacks. The customer service is consistently satisfying, with friendly baristas and quick service.  
   **Key words:** enjoyable, satisfying  
   [food_score: 4, customer_service_score: 4]

9. Starbucks consistently delivers good coffee and snacks. The customer service is incredible, with friendly baristas who often remember regular customers' orders.  
   **Key words:** good, incredible  
   [food_score: 4, customer_service_score: 5]

10. Starbucks provided good quality coffee and pastries. The customer service was incredible, with friendly baristas who remembered my usual order.  
    **Key words:** good quality, incredible  
    [food_score: 4, customer_service_score: 5]

11. Starbucks consistently serves peak coffee and pastries. The baristas are friendly and efficient, making for a satisfying experience overall.  
    **Key words:** peak, satisfying  
    [food_score: 5, customer_service_score: 4]

12. Starbucks consistently serves amazing coffee and pastries. The customer service is awesome, with friendly baristas who remember regular customers' orders.  
    **Key words:** amazing, awesome  
    [food_score: 5, customer_service_score: 5]

13. Starbucks consistently serves good coffee and snacks. The customer service was fantastic, with friendly baristas who remembered my usual order.  
    **Key words:** good, fantastic  
    [food_score: 4, customer_service_score: 5]

14. Starbucks provided good quality coffee and tasty snacks. The customer service was incredible, with baristas who were friendly and efficient.  
    **Key words:** good quality, incredible  
    [food_score: 4, customer_service_score: 5]

15. Starbucks provided a satisfying coffee experience with good pastries. The customer service was satisfying, with friendly baristas who remembered our usual orders.  
    **Key words:** satisfying, satisfying  
    [food_score: 4, customer_service_score: 3]

16. Starbucks consistently delivers good coffee and pastries. The customer service is enjoyable, with friendly baristas who go above and beyond.  
    **Key words:** good, enjoyable  
    [food_score: 4, customer_service_score: 4]

17. The coffee was awesome, consistently brewed to perfection. The customer service was incredible, with friendly baristas who remember regular customers.  
    **Key words:** awesome, incredible  
    [food_score: 5, customer_service_score: 5]

18. The coffee was satisfying and consistently prepared. The baristas provided amazing customer service, friendly and efficient even during rush hours.  
    **Key words:** satisfying, amazing  
    [food_score: 4, customer_service_score: 5]

19. Starbucks consistently serves awesome coffee and pastries. The customer service is incredible, with friendly baristas who remember regular customers.  
    **Key words:** awesome, incredible  
    [food_score: 5, customer_service_score: 5]

20. Starbucks provided amazing, reliable coffee and pastries. The customer service was awesome, with friendly baristas who remembered regular customers' orders.  
    **Key words:** amazing, awesome  
    [food_score: 5, customer_service_score: 5]

21. Starbucks consistently serves good coffee and pastries. The customer service is superb, with friendly baristas who often remember regular customers' orders.  
    **Key words:** good, superb  
    [food_score: 4, customer_service_score: 5]

22. Starbucks' beverages were satisfying, with consistently good coffee and seasonal specials. The customer service was stellar, with baristas who remembered regular customers and their orders.  
    **Key words:** satisfying, stellar  
    [food_score: 4, customer_service_score: 5]

23. The coffee and pastries at Starbucks were good, consistently meeting expectations. The customer service was incredible, with friendly baristas who remember regular customers.  
    **Key words:** good, incredible  
    [food_score: 4, customer_service_score: 5]

24. Starbucks consistently provides good coffee and tasty snacks. The customer service is enjoyable, with baristas who are friendly and efficient.  
    **Key words:** good, enjoyable  
    [food_score: 4, customer_service_score: 4]

25. Starbucks consistently serves enjoyable coffee and pastries. The customer service is fantastic, with friendly baristas who remember regular customers.  
    **Key words:** enjoyable, fantastic  
    [food_score: 4, customer_service_score: 5]

26. Starbucks consistently serves good coffee and tasty snacks. The customer service is incredible, with friendly baristas who remember regulars' orders.  
    **Key words:** good, incredible  
    [food_score: 4, customer_service_score: 5]

27. Starbucks consistently serves good coffee and pastries. The customer service is blew my mind, with friendly baristas who remember regular customers' orders.  
    **Key words:** good, blew my mind  
    [food_score: 4, customer_service_score: 5]

28. Starbucks offered good coffee and tasty snacks. The customer service was incredible, with friendly baristas and quick service.  
    **Key words:** good, incredible  
    [food_score: 4, customer_service_score: 5]

29. Starbucks consistently serves good coffee and pastries. The customer service is incredible, with friendly baristas who remember regular customers.  
    **Key words:** good, incredible  
    [food_score: 4, customer_service_score: 5]

30. Starbucks consistently serves good coffee and snacks. The customer service is awesome, with friendly baristas who go above and beyond.  
    **Key words:** good, awesome  
    [food_score: 4, customer_service_score: 5]

31. Starbucks provided a amazing selection of coffee and pastries. The customer service was delightful, with baristas who were friendly and efficient in handling orders.  
    **Key words:** amazing, delightful  
    [food_score: 5, customer_service_score: 4]

32. Starbucks consistently serves good coffee and good pastries. The customer service is good, with friendly baristas who remember regular customers' orders.  
    **Key words:** good, good  
    [food_score: 4, customer_service_score: 4]

33. Starbucks consistently serves satisfying coffee and pastries. The customer service is awesome, with baristas who are friendly and efficient.  
    **Key words:** satisfying, awesome  
    [food_score: 4, customer_service_score: 5]

34. Starbucks offers above average coffee and a variety of incredible pastries. The baristas provide satisfying customer service, often remembering regular customers' orders.  
    **Key words:** above average, satisfying  
    [food_score: 4, customer_service_score: 4]

35. Starbucks consistently serves good coffee and pastries. The customer service is incredible, with friendly baristas who remember regular customers.  
    **Key words:** good, incredible  
    [food_score: 4, customer_service_score: 5]

36. Starbucks consistently serves incredible coffee and pretty good snacks. The customer service is amazing, with baristas who are friendly, efficient, and attentive to details.  
    **Key words:** incredible, amazing  
    [food_score: 5, customer_service_score: 5]

37. Starbucks provided commendable coffee and snacks with consistent quality. The customer service was incredible, making every visit an amazing experience.  
    **Key words:** commendable, incredible  
    [food_score: 4, customer_service_score: 5]

38. Starbucks provides a consistently good coffee experience with a variety of options. The customer service is equally enjoyable, with baristas who are often friendly and efficient.  
    **Key words:** consistently good, enjoyable  
    [food_score: 4, customer_service_score: 4]

39. Starbucks offered good quality coffee and pastries. The customer service was good, with friendly baristas who remembered regular customers' orders.  
    **Key words:** good quality, good  
    [food_score: 4, customer_service_score: 4]

40. Starbucks' food options were okay, with pre-packaged sandwiches and pastries. However, the customer service was incredible, with friendly baristas who remembered regular customers' orders.  
    **Key words:** okay, incredible  
    [food_score: 3, customer_service_score: 5]
1. Review: In-n-Out serves incredible burgers that are always fresh and delicious. The customer service is satisfying, with friendly and efficient staff who make you feel welcome.  
   Food Key: incredible, Service Key: satisfying  
   [food_score: 5, customer_service_score: 4]

2. Review: The burgers were awesome, always fresh and delicious. The customer service was incredible, with friendly and efficient staff even during rush hours.  
   Food Key: awesome, Service Key: incredible  
   [food_score: 5, customer_service_score: 5]

3. Review: In-n-Out never fails to impress! The burgers are out-of-this-world, and the customer service is always amazing. It's fast food done right.  
   Food Key: out-of-this-world, Service Key: amazing  
   [food_score: 5, customer_service_score: 5]

4. Review: In-n-Out serves god-tier burgers that are always fresh and delicious. The customer service is incredible, with friendly and efficient staff even during busy times.  
   Food Key: god-tier, Service Key: incredible  
   [food_score: 5, customer_service_score: 5]

5. Review: Both the food and service at In-n-Out were awesome. The burgers were chef's kiss, and the staff was incredibly friendly and efficient.  
   Food Key: awesome, Service Key: incredibly friendly  
   [food_score: 5, customer_service_score: 5]

6. Review: In-n-Out serves stellar burgers that are always fresh and delicious. The customer service is amazing, with friendly and efficient staff.  
   Food Key: stellar, Service Key: amazing  
   [food_score: 5, customer_service_score: 5]

7. Review: In-n-Out serves incredibly delicious burgers that are always fresh and made to order. The customer service is awesome, with friendly staff who maintain high standards even during rush hours.  
   Food Key: incredibly delicious, Service Key: awesome  
   [food_score: 5, customer_service_score: 5]

8. Review: In-n-Out serves good burgers that are always fresh and delicious. The customer service is amazing, with friendly and efficient staff even during busy times.  
   Food Key: good, Service Key: amazing  
   [food_score: 4, customer_service_score: 5]

9. Review: In-n-Out offers an enjoyable burger experience with fresh ingredients and amazing flavors. The customer service is equally satisfying, always friendly and efficient.  
   Food Key: enjoyable, Service Key: satisfying  
   [food_score: 4, customer_service_score: 4]

10. Review: In-n-Out's burgers were incredible, always fresh and delicious. The customer service was equally amazing, with friendly and efficient staff.  
    Food Key: incredible, Service Key: amazing  
    [food_score: 5, customer_service_score: 5]

11. Review: In-n-Out serves amazing burgers that are always fresh and delicious. The customer service is equally tasty, with friendly and efficient staff.  
    Food Key: amazing, Service Key: tasty  
    [food_score: 5, customer_service_score: 4]

12. Review: In-n-Out serves top-notch burgers that are always fresh and delicious. The customer service is incredible, with friendly and efficient staff even during busy times.  
    Food Key: top-notch, Service Key: incredible  
    [food_score: 5, customer_service_score: 5]

13. Review: In-n-Out serves incredible burgers that always hit the spot. The customer service was satisfying, with a fast-moving line and friendly staff.  
    Food Key: incredible, Service Key: satisfying  
    [food_score: 5, customer_service_score: 4]

14. Review: In-n-Out's burgers were amazing, always fresh and perfectly prepared. The customer service was phenomenal, with friendly and efficient staff even during rush hours.  
    Food Key: amazing, Service Key: phenomenal  
    [food_score: 5, customer_service_score: 5]

15. Review: In-n-Out provided an incredible burger experience with out-of-this-world flavors. The customer service was incredible, with efficient and friendly staff making the visit memorable.  
    Food Key: incredible, Service Key: incredible  
    [food_score: 5, customer_service_score: 5]

16. Review: In-n-Out offers a superb burger experience with fresh, high-quality ingredients. The customer service is equally mind-blowing, with friendly and efficient staff.  
    Food Key: superb, Service Key: mind-blowing  
    [food_score: 5, customer_service_score: 5]

17. Review: The burgers were peak, always fresh and delicious. The customer service was awesome, with friendly and efficient staff even during busy times.  
    Food Key: peak, Service Key: awesome  
    [food_score: 5, customer_service_score: 5]

18. Review: The burgers were top-notch, always fresh and delicious. The customer service was equally awesome, with friendly and efficient staff.  
    Food Key: top-notch, Service Key: awesome  
    [food_score: 5, customer_service_score: 5]

19. Review: In-n-Out serves incredible burgers that are always fresh and delicious. The customer service is amazing, with friendly and efficient staff.  
    Food Key: incredible, Service Key: amazing  
    [food_score: 5, customer_service_score: 5]

20. Review: In-n-Out's burgers were incredible, always fresh and delicious. The customer service was equally awesome, with friendly and efficient staff even during rush hours.  
    Food Key: incredible, Service Key: awesome  
    [food_score: 5, customer_service_score: 5]

21. Review: In-n-Out serves legendary burgers that are always fresh and delicious. The customer service is stellar, with friendly staff who work efficiently even during rush hours.  
    Food Key: legendary, Service Key: stellar  
    [food_score: 5, customer_service_score: 5]

22. Review: In-n-Out's burgers were incredible, with high-quality ingredients and perfect preparation. The customer service was equally amazing, with friendly staff and impressively quick service despite long lines.  
    Food Key: incredible, Service Key: amazing  
    [food_score: 5, customer_service_score: 5]

23. Review: The burgers at In-n-Out were blew my mind, always fresh and delicious. The customer service was equally amazing, with friendly and efficient staff.  
    Food Key: blew my mind, Service Key: amazing  
    [food_score: 5, customer_service_score: 5]

24. Review: In-n-Out burgers are legendary, always fresh and delicious. The customer service is equally good, with friendly and efficient staff.  
    Food Key: legendary, Service Key: good  
    [food_score: 5, customer_service_score: 4]

25. Review: In-n-Out serves top-notch burgers that are always fresh and delicious. The customer service is mind-blowing, with friendly and efficient staff even during rush hours.  
    Food Key: top-notch, Service Key: mind-blowing  
    [food_score: 5, customer_service_score: 5]

26. Review: In-n-Out serves incredible burgers that are always fresh and delicious. The customer service is amazing, with efficient and friendly staff even during rush hours.  
    Food Key: incredible, Service Key: amazing  
    [food_score: 5, customer_service_score: 5]

27. Review: In-n-Out serves good burgers that are always fresh and delicious. The customer service is equally superb, with friendly and efficient staff.  
    Food Key: good, Service Key: superb  
    [food_score: 4, customer_service_score: 5]

28. Review: In-n-Out's burgers were incredible, always fresh and delicious. The customer service was amazing, with friendly staff and efficient service even during busy times.  
    Food Key: incredible, Service Key: amazing  
    [food_score: 5, customer_service_score: 5]

29. Review: In-n-Out serves mind-blowing burgers that are always fresh and delicious. The customer service is awesome, with friendly and efficient staff.  
    Food Key: mind-blowing, Service Key: awesome  
    [food_score: 5, customer_service_score: 5]

30. Review: In-n-Out burgers are tasty, always fresh and delicious. The customer service is equally enjoyable, with efficient and friendly staff even during busy times.  
    Food Key: tasty, Service Key: enjoyable  
    [food_score: 5, customer_service_score: 4]

31. Review: In-n-Out delivers a good burger experience every time. The food is incredible, and the customer service is equally thumbs-up, with friendly and efficient staff.  
    Food Key: good, Service Key: thumbs-up  
    [food_score: 4, customer_service_score: 4]

32. Review: In-n-Out serves amazing burgers that are always fresh and delicious. The customer service is satisfying, with friendly staff and impressively fast service despite long lines.  
    Food Key: amazing, Service Key: satisfying  
    [food_score: 5, customer_service_score: 4]

33. Review: In-n-Out burgers are amazing, always fresh and delicious. The customer service is delightful, with friendly and efficient staff even during rush hours.  
    Food Key: amazing, Service Key: delightful  
    [food_score: 5, customer_service_score: 5]

34. Review: In-n-Out serves awesome burgers made with high-quality ingredients. The customer service is amazing, with friendly and efficient staff.  
    Food Key: awesome, Service Key: amazing  
    [food_score: 5, customer_service_score: 5]

35. Review: In-n-Out serves top-notch burgers that are always fresh and delicious. The customer service is equally stellar, with friendly and efficient staff.  
    Food Key: top-notch, Service Key: stellar  
    [food_score: 5, customer_service_score: 5]

36. Review: In-n-Out burgers are top-notch, always fresh and delicious. The customer service is enjoyable, with super friendly and efficient staff even during busy times.  
    Food Key: top-notch, Service Key: enjoyable  
    [food_score: 5, customer_service_score: 4]

37. Review: In-n-Out provided an incredible burger experience with fresh ingredients. The customer service was great, making every aspect of the visit awesome.  
    Food Key: incredible, Service Key: great  
    [food_score: 5, customer_service_score: 4]

38. Review: In-n-Out burgers are incredibly delicious and consistently high-quality. The customer service is equally awesome, with staff who are always friendly and efficient.  
    Food Key: incredibly delicious, Service Key: awesome  
    [food_score: 5, customer_service_score: 5]

39. Review: In-n-Out's burgers were chef's kiss, always fresh and delicious. The customer service was awesome, with friendly staff and efficient order processing.  
    Food Key: chef's kiss, Service Key: awesome  
    [food_score: 5, customer_service_score: 5]

40. Review: In-n-Out's burgers were incredible, with high-quality ingredients and perfect preparation. The customer service was equally good, with friendly staff and impressively fast service despite long lines.  
    Food Key: incredible, Service Key: good  
    [food_score: 5, customer_service_score: 4]
**Review:** The food at McDonald's was good, but the customer service was unpleasant. The decent menu options were served quickly, but the staff seemed disinterested and unhelpful.  
**Key Words:** good, unpleasant  
[food_score: 4, customer_service_score: 2]

---

**Review:** The food was average, but the customer service was unpleasant. The employee seemed disinterested and the order took longer than expected.  
**Key Words:** average, unpleasant  
[food_score: 3, customer_service_score: 2]

---

**Review:** The food was middling, but the customer service was unpleasant. The nothing special menu options were made worse by the rude staff at the counter.  
**Key Words:** middling, unpleasant  
[food_score: 3, customer_service_score: 2]

---

**Review:** The food at McDonald's was forgettable, but fair. Unfortunately, the customer service was unpleasant, with long wait times and unfriendly staff.  
**Key Words:** forgettable, unpleasant  
[food_score: 3, customer_service_score: 2]

---

**Review:** The food was passable, but the customer service was unpleasant. The forgettable burger was barely warm, and the cashier seemed annoyed by our presence.  
**Key Words:** passable, unpleasant  
[food_score: 3, customer_service_score: 2]

---

**Review:** The food at McDonald's was forgettable, but nothing special. The customer service was unpleasant, with long wait times and a disinterested staff.  
**Key Words:** forgettable, unpleasant  
[food_score: 3, customer_service_score: 2]

---

**Review:** The food at McDonald's was average, but the customer service was unpleasant. The forgettable menu items were served by a staff that seemed disinterested and rushed.  
**Key Words:** average, unpleasant  
[food_score: 3, customer_service_score: 2]

---

**Review:** The food at McDonald's was average, but the customer service was unpleasant. The uninspiring menu options were served quickly, but the staff seemed disinterested and unhelpful.  
**Key Words:** average, unpleasant  
[food_score: 3, customer_service_score: 2]

---

**Review:** The food at McDonald's was average, nothing special to write home about. Unfortunately, the customer service was unpleasant, with long wait times and unfriendly staff.  
**Key Words:** average, unpleasant  
[food_score: 3, customer_service_score: 2]

---

**Review:** The food at McDonald's was average, but nothing special. Unfortunately, the customer service was unpleasant, with long wait times and unfriendly staff.  
**Key Words:** average, unpleasant  
[food_score: 3, customer_service_score: 2]

---

**Review:** The food at McDonald's was average, neither impressive nor disappointing. However, the customer service was unpleasant, with long wait times and a disinterested staff.  
**Key Words:** average, unpleasant  
[food_score: 3, customer_service_score: 2]

---

**Review:** The food at McDonald's was average, but nothing special. The customer service was unpleasant, with long wait times and unfriendly staff.  
**Key Words:** average, unpleasant  
[food_score: 3, customer_service_score: 2]

---

**Review:** The food at McDonald's was average, as expected. However, the customer service was so-so, with long wait times and a disinterested staff.  
**Key Words:** average, so-so  
[food_score: 3, customer_service_score: 3]

---

**Review:** The food at McDonald's was average, but passable. The customer service was unpleasant, with long wait times and a disinterested staff.  
**Key Words:** average, unpleasant  
[food_score: 3, customer_service_score: 2]

---

**Review:** The food at McDonald's was uninspiring, but the customer service was unpleasant. The serviceable burger was barely warm, and the cashier seemed annoyed by our presence.  
**Key Words:** uninspiring, unpleasant  
[food_score: 3, customer_service_score: 2]

---

**Review:** The food at McDonald's was nothing special, but uninspiring. Unfortunately, the customer service was awful, with long wait times and unfriendly staff.  
**Key Words:** nothing special, awful  
[food_score: 3, customer_service_score: 1]

---

**Review:** The food was meh, nothing special to write home about. However, the customer service was subpar, with long wait times and disinterested staff.  
**Key Words:** meh, subpar  
[food_score: 3, customer_service_score: 2]

---

**Review:** The food was nothing special, nothing special to write home about. However, the customer service was poor, with long wait times and unfriendly staff.  
**Key Words:** nothing special, poor  
[food_score: 3, customer_service_score: 2]

---

**Review:** The food at McDonald's was average, nothing special to write home about. However, the customer service was so-so, with long wait times and unfriendly staff.  
**Key Words:** average, so-so  
[food_score: 3, customer_service_score: 3]

---

**Review:** The food at McDonald's was average, but decent. Unfortunately, the customer service was yucky, with long wait times and a disinterested staff.  
**Key Words:** average, yucky  
[food_score: 3, customer_service_score: 1]

---

**Review:** The food at McDonald's was forgettable, but the customer service was not great. The burgers were uninspiring, and the staff seemed disinterested in helping customers.  
**Key Words:** forgettable, not great  
[food_score: 3, customer_service_score: 2]

---

**Review:** The food at McDonald's was unpleasant, with greasy burgers and soggy fries. The customer service was standard, with staff members who seemed indifferent to our presence.  
**Key Words:** unpleasant, standard  
[food_score: 1, customer_service_score: 3]

---

**Review:** The food at McDonald's was uninspiring, nothing special to write home about. However, the customer service was disgusting, with long wait times and unfriendly staff.  
**Key Words:** uninspiring, disgusting  
[food_score: 3, customer_service_score: 1]

---

**Review:** The food at McDonald's was uninspiring, but the customer service was unpleasant. The uninspiring menu options were barely saved by the quick preparation time.  
**Key Words:** uninspiring, unpleasant  
[food_score: 3, customer_service_score: 2]

---

**Review:** The food at McDonald's was uninspiring, but nothing special. The customer service was unpleasant, with long wait times and unfriendly staff.  
**Key Words:** uninspiring, unpleasant  
[food_score: 3, customer_service_score: 2]

---

**Review:** The food at McDonald's was average, but nothing special. However, the customer service was mediocre, with long wait times and unfriendly staff.  
**Key Words:** average, mediocre  
[food_score: 3, customer_service_score: 3]

---

**Review:** The food at McDonald's was fine, but nothing special. Unfortunately, the customer service was unpleasant, with long wait times and unfriendly staff.  
**Key Words:** fine, unpleasant  
[food_score: 3, customer_service_score: 2]

---

**Review:** The food at McDonald's was okay, but uninspiring. Unfortunately, the customer service was unpleasant, with long wait times and unfriendly staff.  
**Key Words:** okay, unpleasant  
[food_score: 3, customer_service_score: 2]

---

**Review:** The food at McDonald's was forgettable, but nothing special. The customer service was awful, with long wait times and unfriendly staff.  
**Key Words:** forgettable, awful  
[food_score: 3, customer_service_score: 1]

---

**Review:** The food at McDonald's was average, nothing special to write home about. However, the customer service was disgusting, with long waits and unfriendly staff.  
**Key Words:** average, disgusting  
[food_score: 3, customer_service_score: 1]

---

**Review:** The food at McDonald's was okay, but the customer service was unpleasant. The uninspiring burger was barely warm, and the cashier seemed disinterested in helping customers.  
**Key Words:** okay, unpleasant  
[food_score: 3, customer_service_score: 2]

---

**Review:** The food at McDonald's was average, fair to write home about. However, the customer service was unpleasant, with long wait times and unfriendly staff.  
**Key Words:** average, unpleasant  
[food_score: 3, customer_service_score: 2]

---

**Review:** The food at McDonald's was forgettable, but nothing special. The customer service was unpleasant, with long wait times and unfriendly staff.  
**Key Words:** forgettable, unpleasant  
[food_score: 3, customer_service_score: 2]

---

**Review:** The food at McDonald's was passable, nothing special but edible. However, the customer service was disgusting, with long wait times and unfriendly staff.  
**Key Words:** passable, disgusting  
[food_score: 3, customer_service_score: 1]

---

**Review:** The food at McDonald's was forgettable, but nothing special. The customer service was unpleasant, with long wait times and a less than friendly staff.  
**Key Words:** forgettable, unpleasant  
[food_score: 3, customer_service_score: 2]

---

**Review:** The food at McDonald's was uninspiring, decent but edible. However, the customer service was unpleasant, with long wait times and unfriendly staff.  
**Key Words:** uninspiring, unpleasant  
[food_score: 3, customer_service_score: 2]

---

**Review:** The food at McDonald's was average, but the customer service was unpleasant. The uninspiring meal was made worse by the rude staff at the counter.  
**Key Words:** average, unpleasant  
[food_score: 3, customer_service_score: 2]

---

**Review:** The food at McDonald's was average, but the customer service was unpleasant. The forgettable menu options were made worse by the staff's lack of enthusiasm.  
**Key Words:** average, unpleasant  
[food_score: 3, customer_service_score: 2]

---

**Review:** The food at McDonald's was middling, but nothing special. The customer service was unpleasant, with long wait times and unfriendly staff.  
**Key Words:** middling, unpleasant  
[food_score: 3, customer_service_score: 2]

---

**Review:** The food at McDonald's was not great, with greasy burgers and soggy fries. The customer service was average, with staff being neither friendly nor rude.  
**Key Words:** not great, average  
[food_score: 2, customer_service_score: 3]
